MASON GENOME SIMULATOR
======================

__OPTIONS____________________________________________________________________

VERBOSITY  	1

SEED       	0

OUTPUT FILE	genome.test1.fa
CONTIG LENS	1000

__SIMULATING GENOME__________________________________________________________

